rm -f results.xml
make -f makefile results.xml
make[1]: Entering directory '/home/ismail/academics/usb_hub'
/usr/bin/iverilog -o sim_build/sim.vvp -D COCOTB_SIM=1 -s usb_hub_top -f sim_build/cmds.f -g2012  -s cocotb_iverilog_dump  /home/ismail/academics/usb_hub/rtl/usb_hub_top.v sim_build/cocotb_iverilog_dump.v
rm -f results.xml
MODULE=tests TESTCASE= TOPLEVEL=usb_hub_top TOPLEVEL_LANG=verilog \
         /usr/bin/vvp -M /home/ismail/.local/lib/python3.8/site-packages/cocotb/libs -m libcocotbvpi_icarus   sim_build/sim.vvp -fst
     -.--ns INFO     gpi                                ..mbed/gpi_embed.cpp:76   in set_program_name_in_venv        Did not detect Python virtual environment. Using system-wide Python interpreter
     -.--ns INFO     gpi                                ../gpi/GpiCommon.cpp:101  in gpi_print_registered_impl       VPI registered
     0.00ns INFO     cocotb                   __init__.py:273  .._testbench_ Running on Icarus Verilog version 10.3 (stable)
     0.00ns INFO     cocotb                   __init__.py:279  .._testbench_ Running tests with cocotb v1.8.1 from /home/ismail/.local/lib/python3.8/site-packages/cocotb
     0.00ns INFO     cocotb                   __init__.py:299  .._testbench_ Seeding Python random module with 1709969528
     0.00ns INFO     cocotb.regression      regression.py:154  __init__      Found test tests.USB_one_test
     0.00ns INFO     cocotb.regression      regression.py:563  _start_test   running USB_one_test (1/1)


--------------------------------START-OF-BUILD-PHASE---------------------------------------


     0.00ns INFO     usb_base_test               tests.py:25   build_phase   Creating Main Sequence
     0.00ns INFO     Usb_Env                       env.py:21   build_phase   ConfigDB Retrieved: Number of Devices for the test = 1
     0.00ns INFO     Usb_Env                       env.py:23   build_phase   Creating all the sequencers and Registering it with ConfigDB
     0.00ns INFO     Usb_Env                       env.py:31   build_phase   ConfigDB Registered: Host_low_seqr
     0.00ns INFO     Usb_Env                       env.py:37   build_phase   ConfigDB Registered: Device_seqr_0
     0.00ns INFO     uvc_agent               uvc_agent.py:28   build_phase   Creating Interface
     0.00ns INFO     uvc_agent               uvc_agent.py:37   build_phase   Creating Low Speed Device Monitor Array
     0.00ns INFO     uvc_agent               uvc_agent.py:44   build_phase   Creating Hi Speed Host Monitor 
     0.00ns INFO     uvc_agent               uvc_agent.py:51   build_phase   Creating Low Speed Host Monitor
     0.00ns INFO     uvc_agent               uvc_agent.py:59   build_phase   Creating Low Speed Device driver Array
     0.00ns INFO     uvc_agent               uvc_agent.py:66   build_phase   Creating Hi Speed Host driver 
     0.00ns INFO     device_drvr0           uvc_driver.py:67   build_phase   Creating Analysis portdevice_drvr0ap
     0.00ns INFO     host_lowspeed_drvr     uvc_driver.py:122  build_phase   Creating Analysis porthost_lowspeed_drvrap
     0.00ns INFO     Usb_Env                       env.py:47   connect_phase Starting Env Connect Phase
     0.00ns INFO     Usb_Env                       env.py:48   connect_phase Connecting monitors with Scoreboard export's
     0.00ns INFO     Usb_Env                       env.py:53   connect_phase Connecting drivers with Sequencer's export


--------------------------------START-OF-CONNECT-PHASE---------------------------------------


     0.00ns INFO     usb_base_test               tests.py:30   connect_phase usb test, in connect phase


--------------------------------END-OF-ELABORATION-PHASE---------------------------------------


     0.00ns INFO     usb_base_test               tests.py:35   ..ation_phase usb test, done with Elaboration phase


--------------------------------START-OF-SIMULATION-PHASE---------------------------------------


     0.00ns CRITICAL Usb_Env                       env.py:65   ..ation_phase Starting Generation of Clocks
     0.00ns CRITICAL Usb_Env                       env.py:66   ..ation_phase Starting Clock generation
     0.00ns CRITICAL Usb_Env                       env.py:67   ..ation_phase Starting Clock generation
     0.00ns CRITICAL Usb_Env                       env.py:70   ..ation_phase Done Starting Generation of Clocks
     0.00ns INFO     device_drvr0           uvc_driver.py:76   run_phase     Waiting for sequence item
     0.00ns INFO     host_hispeed_drvr      uvc_driver.py:24   run_phase     Starting Hi speed Driver
     0.00ns INFO     host_lowspeed_drvr     uvc_driver.py:131  run_phase     Waiting for sequence item
     0.00ns INFO     uvc_agent               uvc_agent.py:77   run_phase     Starting Low Clock generation
     0.00ns INFO     uvc_agent               uvc_agent.py:79   run_phase     Starting Hi Clock generation


--------------------------------START-OF-RUN-PHASE---------------------------------------


     0.00ns INFO     usb_base_test               tests.py:45   run_phase     Main Sequence Start
     0.00ns INFO     uvc_agent               uvc_agent.py:84   ..e_low_clock Starting Clock generation
     0.00ns INFO     uvc_agent               uvc_agent.py:90   ..te_hi_clock Starting Clock generation
     0.00ns INFO     Main_Sequence            sequence.py:21   body          Starting Sequence
     0.00ns INFO     Main_Sequence            sequence.py:23   body          ConfigDB Retrieved: Test_case = test_one
     0.00ns INFO     Main_Sequence            sequence.py:24   body          Searching for Testcase :test_one
     0.00ns CRITICAL Main_Sequence            sequence.py:28   body          Starting Matching Testcase sequence: test_one
     0.00ns INFO     Main_Sequence            sequence.py:34   body          Body: Starting Sequence one_seq
     0.00ns INFO     host_low_seq             sequence.py:122  body          Entering Body
     0.00ns CRITICAL host_low_seq             sequence.py:125  body          Sequence Starting item "host_low_seq_item0" <verif.uvc.uvc_seq_item.USB_Lowspeed_Data_Seq_Item object at 0x7f17dc2d0ac0>
     0.00ns WARNING  host_low_seq_item0   uvc_seq_item.py:35   randomize     Choosen a Request of the TypeREAD
     0.00ns INFO     device_seq               sequence.py:122  body          Entering Body
     0.00ns CRITICAL device_seq               sequence.py:125  body          Sequence Starting item "device_seq_item0" <verif.uvc.uvc_seq_item.USB_Lowspeed_Data_Seq_Item object at 0x7f17dc2d0880>
     0.00ns INFO     host_low_seq             sequence.py:128  body          Sequence item randomized: TID: 139740454914752
     0.00ns CRITICAL host_low_seq             sequence.py:129  body          Sequence finished sequence.start_item
     0.00ns INFO     device_seq               sequence.py:128  body          Sequence item randomized: TID: 139740454914176
     0.00ns CRITICAL device_seq               sequence.py:129  body          Sequence finished sequence.start_item
     0.00ns INFO     host_lowspeed_drvr     uvc_driver.py:133  run_phase     Received sequence item, Starting transaction
     0.00ns DEBUG    host_lowspeed_drvr     uvc_driver.py:153  ..ialize_port Initializing Port, Waiting for a Raising Edge of Clock
     0.00ns INFO     device_drvr0           uvc_driver.py:78   run_phase     Received sequence item, Starting transaction
     0.00ns DEBUG    device_drvr0           uvc_driver.py:89   ..ialize_port Initializing Port, Waiting for a Raising Edge of Clock
     0.00ns DEBUG    uvc_agent               uvc_agent.py:100  count_clock   Low Clock Advanced: Current cycle (Low clock) = 1
     0.00ns DEBUG    host_lowspeed_drvr     uvc_driver.py:155  ..ialize_port Setting Port to SE1
     0.00ns DEBUG    device_drvr0           uvc_driver.py:91   ..ialize_port Setting Port to SE1
   100.00ns DEBUG    uvc_agent               uvc_agent.py:100  count_clock   Low Clock Advanced: Current cycle (Low clock) = 2
   100.00ns DEBUG    host_lowspeed_drvr     uvc_driver.py:164  sync_packets  Driving J in Low_clock
   100.00ns DEBUG    device_drvr0           uvc_driver.py:100  sync_packets  Driving J in Low_clock
   200.00ns DEBUG    uvc_agent               uvc_agent.py:100  count_clock   Low Clock Advanced: Current cycle (Low clock) = 3
   200.00ns DEBUG    host_lowspeed_drvr     uvc_driver.py:168  sync_packets  Driving k in Low_clock
   200.00ns DEBUG    device_drvr0           uvc_driver.py:104  sync_packets  Driving k in Low_clock
   300.00ns DEBUG    uvc_agent               uvc_agent.py:100  count_clock   Low Clock Advanced: Current cycle (Low clock) = 4
   300.00ns DEBUG    host_lowspeed_drvr     uvc_driver.py:164  sync_packets  Driving J in Low_clock
   300.00ns DEBUG    device_drvr0           uvc_driver.py:100  sync_packets  Driving J in Low_clock
   400.00ns DEBUG    uvc_agent               uvc_agent.py:100  count_clock   Low Clock Advanced: Current cycle (Low clock) = 5
   400.00ns DEBUG    host_lowspeed_drvr     uvc_driver.py:168  sync_packets  Driving k in Low_clock
   400.00ns DEBUG    device_drvr0           uvc_driver.py:104  sync_packets  Driving k in Low_clock
   500.00ns DEBUG    uvc_agent               uvc_agent.py:100  count_clock   Low Clock Advanced: Current cycle (Low clock) = 6
   500.00ns DEBUG    host_lowspeed_drvr     uvc_driver.py:164  sync_packets  Driving J in Low_clock
   500.00ns DEBUG    device_drvr0           uvc_driver.py:100  sync_packets  Driving J in Low_clock
   600.00ns DEBUG    uvc_agent               uvc_agent.py:100  count_clock   Low Clock Advanced: Current cycle (Low clock) = 7
   600.00ns DEBUG    host_lowspeed_drvr     uvc_driver.py:168  sync_packets  Driving k in Low_clock
   600.00ns DEBUG    device_drvr0           uvc_driver.py:104  sync_packets  Driving k in Low_clock
   700.00ns DEBUG    uvc_agent               uvc_agent.py:100  count_clock   Low Clock Advanced: Current cycle (Low clock) = 8
   700.00ns DEBUG    host_lowspeed_drvr     uvc_driver.py:164  sync_packets  Driving J in Low_clock
   700.00ns DEBUG    device_drvr0           uvc_driver.py:100  sync_packets  Driving J in Low_clock
   800.00ns DEBUG    uvc_agent               uvc_agent.py:100  count_clock   Low Clock Advanced: Current cycle (Low clock) = 9
   800.00ns DEBUG    host_lowspeed_drvr     uvc_driver.py:168  sync_packets  Driving k in Low_clock
   800.00ns DEBUG    device_drvr0           uvc_driver.py:104  sync_packets  Driving k in Low_clock
   900.00ns DEBUG    uvc_agent               uvc_agent.py:100  count_clock   Low Clock Advanced: Current cycle (Low clock) = 10
   900.00ns DEBUG    host_lowspeed_drvr     uvc_driver.py:164  sync_packets  Driving J in Low_clock
   900.00ns DEBUG    device_drvr0           uvc_driver.py:100  sync_packets  Driving J in Low_clock
  1000.00ns DEBUG    uvc_agent               uvc_agent.py:100  count_clock   Low Clock Advanced: Current cycle (Low clock) = 11
  1000.00ns DEBUG    host_lowspeed_drvr     uvc_driver.py:168  sync_packets  Driving k in Low_clock
  1000.00ns DEBUG    device_drvr0           uvc_driver.py:104  sync_packets  Driving k in Low_clock
  1100.00ns DEBUG    uvc_agent               uvc_agent.py:100  count_clock   Low Clock Advanced: Current cycle (Low clock) = 12
  1100.00ns DEBUG    host_lowspeed_drvr     uvc_driver.py:164  sync_packets  Driving J in Low_clock
  1100.00ns DEBUG    device_drvr0           uvc_driver.py:100  sync_packets  Driving J in Low_clock
  1200.00ns DEBUG    uvc_agent               uvc_agent.py:100  count_clock   Low Clock Advanced: Current cycle (Low clock) = 13
  1200.00ns DEBUG    host_lowspeed_drvr     uvc_driver.py:168  sync_packets  Driving k in Low_clock
  1200.00ns DEBUG    device_drvr0           uvc_driver.py:104  sync_packets  Driving k in Low_clock
  1200.00ns INFO     device_drvr0           uvc_driver.py:76   run_phase     Waiting for sequence item
  1200.00ns INFO     device_seq               sequence.py:132  body          Sequence item Sent: 139740454914176
  1200.00ns INFO     device_seq               sequence.py:133  body          Done generating sequence loops
  1300.00ns DEBUG    uvc_agent               uvc_agent.py:100  count_clock   Low Clock Advanced: Current cycle (Low clock) = 14
  1300.00ns INFO     host_lowspeed_drvr     uvc_driver.py:147  ..transaction Drive a request of type READ
  1300.00ns DEBUG    host_lowspeed_drvr     uvc_driver.py:173  ..oken_packet Starting driving PID Bits
  1300.00ns DEBUG    host_lowspeed_drvr     uvc_driver.py:211  drive_signal  Starting to drive signal bit [0]False
  1400.00ns DEBUG    uvc_agent               uvc_agent.py:100  count_clock   Low Clock Advanced: Current cycle (Low clock) = 15
  1400.00ns DEBUG    host_lowspeed_drvr     uvc_driver.py:211  drive_signal  Starting to drive signal bit [1]True
  1500.00ns DEBUG    uvc_agent               uvc_agent.py:100  count_clock   Low Clock Advanced: Current cycle (Low clock) = 16
  1500.00ns DEBUG    host_lowspeed_drvr     uvc_driver.py:211  drive_signal  Starting to drive signal bit [2]False
  1600.00ns DEBUG    uvc_agent               uvc_agent.py:100  count_clock   Low Clock Advanced: Current cycle (Low clock) = 17
  1600.00ns DEBUG    host_lowspeed_drvr     uvc_driver.py:211  drive_signal  Starting to drive signal bit [3]False
  1700.00ns DEBUG    uvc_agent               uvc_agent.py:100  count_clock   Low Clock Advanced: Current cycle (Low clock) = 18
  1700.00ns DEBUG    host_lowspeed_drvr     uvc_driver.py:211  drive_signal  Starting to drive signal bit [4]False
  1800.00ns DEBUG    uvc_agent               uvc_agent.py:100  count_clock   Low Clock Advanced: Current cycle (Low clock) = 19
  1800.00ns DEBUG    host_lowspeed_drvr     uvc_driver.py:211  drive_signal  Starting to drive signal bit [5]False
  1900.00ns DEBUG    uvc_agent               uvc_agent.py:100  count_clock   Low Clock Advanced: Current cycle (Low clock) = 20
  1900.00ns DEBUG    host_lowspeed_drvr     uvc_driver.py:211  drive_signal  Starting to drive signal bit [6]False
  2000.00ns DEBUG    uvc_agent               uvc_agent.py:100  count_clock   Low Clock Advanced: Current cycle (Low clock) = 21
  2000.00ns DEBUG    host_lowspeed_drvr     uvc_driver.py:211  drive_signal  Starting to drive signal bit [7]False
  2100.00ns DEBUG    uvc_agent               uvc_agent.py:100  count_clock   Low Clock Advanced: Current cycle (Low clock) = 22
  2100.00ns DEBUG    host_lowspeed_drvr     uvc_driver.py:175  ..oken_packet done with driving PID Bits
  2100.00ns DEBUG    host_lowspeed_drvr     uvc_driver.py:177  ..oken_packet Starting driving Address Bits 
  2100.00ns DEBUG    host_lowspeed_drvr     uvc_driver.py:211  drive_signal  Starting to drive signal bit [0]True
  2200.00ns DEBUG    uvc_agent               uvc_agent.py:100  count_clock   Low Clock Advanced: Current cycle (Low clock) = 23
  2200.00ns DEBUG    host_lowspeed_drvr     uvc_driver.py:211  drive_signal  Starting to drive signal bit [1]False
  2300.00ns DEBUG    uvc_agent               uvc_agent.py:100  count_clock   Low Clock Advanced: Current cycle (Low clock) = 24
  2300.00ns DEBUG    host_lowspeed_drvr     uvc_driver.py:211  drive_signal  Starting to drive signal bit [2]True
  2400.00ns DEBUG    uvc_agent               uvc_agent.py:100  count_clock   Low Clock Advanced: Current cycle (Low clock) = 25
  2400.00ns DEBUG    host_lowspeed_drvr     uvc_driver.py:211  drive_signal  Starting to drive signal bit [3]True
  2500.00ns DEBUG    uvc_agent               uvc_agent.py:100  count_clock   Low Clock Advanced: Current cycle (Low clock) = 26
  2500.00ns DEBUG    host_lowspeed_drvr     uvc_driver.py:211  drive_signal  Starting to drive signal bit [4]False
  2600.00ns DEBUG    uvc_agent               uvc_agent.py:100  count_clock   Low Clock Advanced: Current cycle (Low clock) = 27
  2600.00ns DEBUG    host_lowspeed_drvr     uvc_driver.py:211  drive_signal  Starting to drive signal bit [5]True
  2700.00ns DEBUG    uvc_agent               uvc_agent.py:100  count_clock   Low Clock Advanced: Current cycle (Low clock) = 28
  2700.00ns DEBUG    host_lowspeed_drvr     uvc_driver.py:211  drive_signal  Starting to drive signal bit [6]True
  2800.00ns DEBUG    uvc_agent               uvc_agent.py:100  count_clock   Low Clock Advanced: Current cycle (Low clock) = 29
  2800.00ns DEBUG    host_lowspeed_drvr     uvc_driver.py:179  ..oken_packet done with driving Address Bits
  2800.00ns DEBUG    host_lowspeed_drvr     uvc_driver.py:193  ..data_packet Starting driving PID Bits
  2800.00ns DEBUG    host_lowspeed_drvr     uvc_driver.py:211  drive_signal  Starting to drive signal bit [0]True
  2900.00ns DEBUG    uvc_agent               uvc_agent.py:100  count_clock   Low Clock Advanced: Current cycle (Low clock) = 30
  2900.00ns DEBUG    host_lowspeed_drvr     uvc_driver.py:211  drive_signal  Starting to drive signal bit [1]True
  3000.00ns DEBUG    uvc_agent               uvc_agent.py:100  count_clock   Low Clock Advanced: Current cycle (Low clock) = 31
  3000.00ns DEBUG    host_lowspeed_drvr     uvc_driver.py:211  drive_signal  Starting to drive signal bit [2]False
  3100.00ns DEBUG    uvc_agent               uvc_agent.py:100  count_clock   Low Clock Advanced: Current cycle (Low clock) = 32
  3100.00ns DEBUG    host_lowspeed_drvr     uvc_driver.py:211  drive_signal  Starting to drive signal bit [3]False
  3200.00ns DEBUG    uvc_agent               uvc_agent.py:100  count_clock   Low Clock Advanced: Current cycle (Low clock) = 33
  3200.00ns DEBUG    host_lowspeed_drvr     uvc_driver.py:211  drive_signal  Starting to drive signal bit [4]False
  3300.00ns DEBUG    uvc_agent               uvc_agent.py:100  count_clock   Low Clock Advanced: Current cycle (Low clock) = 34
  3300.00ns DEBUG    host_lowspeed_drvr     uvc_driver.py:211  drive_signal  Starting to drive signal bit [5]False
  3400.00ns DEBUG    uvc_agent               uvc_agent.py:100  count_clock   Low Clock Advanced: Current cycle (Low clock) = 35
  3400.00ns DEBUG    host_lowspeed_drvr     uvc_driver.py:211  drive_signal  Starting to drive signal bit [6]False
  3500.00ns DEBUG    uvc_agent               uvc_agent.py:100  count_clock   Low Clock Advanced: Current cycle (Low clock) = 36
  3500.00ns DEBUG    host_lowspeed_drvr     uvc_driver.py:211  drive_signal  Starting to drive signal bit [7]False
  3600.00ns DEBUG    uvc_agent               uvc_agent.py:100  count_clock   Low Clock Advanced: Current cycle (Low clock) = 37
  3600.00ns DEBUG    host_lowspeed_drvr     uvc_driver.py:196  ..data_packet done with driving PID Bits
  3600.00ns DEBUG    host_lowspeed_drvr     uvc_driver.py:199  ..data_packet Starting driving Data Bits 
  3600.00ns DEBUG    host_lowspeed_drvr     uvc_driver.py:201  ..data_packet done with driving Data Bits
  3600.00ns INFO     host_lowspeed_drvr     uvc_driver.py:131  run_phase     Waiting for sequence item
  3600.00ns INFO     host_low_seq             sequence.py:132  body          Sequence item Sent: 139740454914752
  3600.00ns INFO     host_low_seq             sequence.py:133  body          Done generating sequence loops
  3600.00ns CRITICAL Main_Sequence            sequence.py:36   body          Main sequence Ended
  3600.00ns INFO     usb_base_test               tests.py:48   run_phase     Main Sequence excecution Finished Waiting 1 second
  3600.00ns ERROR    ..ase_test.run_phase    scheduler.py:585  _unschedule   Exception raised by this forked coroutine
  3601.00ns INFO     cocotb.regression      regression.py:484  ..test_failed USB_one_test failed
                                                                             Traceback (most recent call last):
                                                                               File "/home/ismail/academics/usb_hub/tests.py", line 50, in run_phase
                                                                                 self.end_test
                                                                             AttributeError: 'USB_one_test' object has no attribute 'end_test'
  3601.00ns INFO     cocotb.regression      regression.py:700  ..est_summary **************************************************************************************
                                                                             ** TEST                          STATUS  SIM TIME (ns)  REAL TIME (s)  RATIO (ns/s) **
                                                                             **************************************************************************************
                                                                             ** tests.USB_one_test             FAIL        3601.00           0.29      12515.38  **
                                                                             **************************************************************************************
                                                                             ** TESTS=1 PASS=0 FAIL=1 SKIP=0               3601.00           0.39       9210.64  **
                                                                             **************************************************************************************
                                                                             
FST info: dumpfile sim_build/usb_hub_top.fst opened for output.
make[1]: Leaving directory '/home/ismail/academics/usb_hub'
